// Jest Snapshot v1, https://goo.gl/fbAQLP

exports[`Test renders 1`] = `
<h2>
  Test
</h2>
`;
